// Vitest Snapshot v1, https://vitest.dev/guide/snapshot.html

exports[`arbitrary 1`] = `
"/* layer: default */
.\\\\[--f-modal-max-height\\\\:\\\\ 80\\\\%\\\\]{--f-modal-max-height:80%;}
.\\\\[--w-content\\\\:\\\\ \\\\\\"I\\\\ am\\\\ awesome\\\\\\"\\\\]{--w-content:\\"I am awesome\\";}"
`;
