// Vitest Snapshot v1, https://vitest.dev/guide/snapshot.html

exports[`border > right, left, top bottom 1`] = `
"/* layer: default */
.border-b{border-bottom-width:1px;}
.border-l{border-left-width:1px;}
.border-r{border-right-width:1px;}
.border-t{border-top-width:1px;}
.border-b-0{border-bottom-width:0;}
.border-b-2{border-bottom-width:2px;}
.border-b-4{border-bottom-width:4px;}
.border-b-8{border-bottom-width:8px;}
.border-l-0{border-left-width:0;}
.border-l-2{border-left-width:2px;}
.border-l-4{border-left-width:4px;}
.border-l-8{border-left-width:8px;}
.border-r-0{border-right-width:0;}
.border-r-2{border-right-width:2px;}
.border-r-4{border-right-width:4px;}
.border-r-8{border-right-width:8px;}
.border-t-0{border-top-width:0;}
.border-t-2{border-top-width:2px;}
.border-t-4{border-top-width:4px;}
.border-t-8{border-top-width:8px;}"
`;

exports[`border > supports divide borders between horizontal and stacked children 1`] = `
"/* layer: default */
.divide-x-0>*+*{--w-divide-x-reverse:0;border-left-width:calc(0 * calc(1 - var(--w-divide-x-reverse)));border-right-width:calc(0 * var(--w-divide-x-reverse))}
.divide-x-1>*+*{--w-divide-x-reverse:0;border-left-width:calc(1px * calc(1 - var(--w-divide-x-reverse)));border-right-width:calc(1px * var(--w-divide-x-reverse))}
.divide-x-2>*+*{--w-divide-x-reverse:0;border-left-width:calc(2px * calc(1 - var(--w-divide-x-reverse)));border-right-width:calc(2px * var(--w-divide-x-reverse))}
.divide-x-4>*+*{--w-divide-x-reverse:0;border-left-width:calc(4px * calc(1 - var(--w-divide-x-reverse)));border-right-width:calc(4px * var(--w-divide-x-reverse))}
.divide-x-8>*+*{--w-divide-x-reverse:0;border-left-width:calc(8px * calc(1 - var(--w-divide-x-reverse)));border-right-width:calc(8px * var(--w-divide-x-reverse))}
.divide-y-0>*+*{--w-divide-y-reverse:0;border-top-width:calc(0 * calc(1 - var(--w-divide-y-reverse)));border-bottom-width:calc(0 * var(--w-divide-y-reverse))}
.divide-y-1>*+*{--w-divide-y-reverse:0;border-top-width:calc(1px * calc(1 - var(--w-divide-y-reverse)));border-bottom-width:calc(1px * var(--w-divide-y-reverse))}
.divide-y-2>*+*{--w-divide-y-reverse:0;border-top-width:calc(2px * calc(1 - var(--w-divide-y-reverse)));border-bottom-width:calc(2px * var(--w-divide-y-reverse))}
.divide-y-4>*+*{--w-divide-y-reverse:0;border-top-width:calc(4px * calc(1 - var(--w-divide-y-reverse)));border-bottom-width:calc(4px * var(--w-divide-y-reverse))}
.divide-y-8>*+*{--w-divide-y-reverse:0;border-top-width:calc(8px * calc(1 - var(--w-divide-y-reverse)));border-bottom-width:calc(8px * var(--w-divide-y-reverse))}"
`;

exports[`border > supports divide borders between horizontal and stacked children in reverse order 1`] = `
"/* layer: default */
.divide-x-reverse>:not([hidden])~:not([hidden]){--w-divide-x-reverse:1;}
.divide-y-reverse>:not([hidden])~:not([hidden]){--w-divide-y-reverse:1;}"
`;

exports[`border > supports divide borders between horizontal and stacked children, default width 1`] = `
"/* layer: default */
.divide-x>*+*{--w-divide-x-reverse:0;border-left-width:calc(1px * calc(1 - var(--w-divide-x-reverse)));border-right-width:calc(1px * var(--w-divide-x-reverse))}
.divide-y>*+*{--w-divide-y-reverse:0;border-top-width:calc(1px * calc(1 - var(--w-divide-y-reverse)));border-bottom-width:calc(1px * var(--w-divide-y-reverse))}"
`;

exports[`border > supports setting arbitrary border width 1`] = `
"/* layer: default */
.border-\\\\[6\\\\]{border-width:6;}
.border-\\\\[66\\\\]{border-width:66;}
.border-b-\\\\[7\\\\]{border-bottom-width:7;}
.border-l-\\\\[7\\\\]{border-left-width:7;}
.border-r-\\\\[7\\\\]{border-right-width:7;}
.border-t-\\\\[7\\\\]{border-top-width:7;}"
`;

exports[`border > supports setting border style 1`] = `
"/* layer: default */
.border-dashed{border-style:dashed;}
.border-dotted{border-style:dotted;}
.border-double{border-style:double;}
.border-groove{border-style:groove;}
.border-hidden{border-style:hidden;}
.border-inset{border-style:inset;}
.border-none{border-style:none;}
.border-outset{border-style:outset;}
.border-ridge{border-style:ridge;}
.border-solid{border-style:solid;}"
`;

exports[`border > supports setting border width 1`] = `
"/* layer: default */
.border{border-width:1px;}
.border-0{border-width:0;}
.border-2{border-width:2px;}
.border-4{border-width:4px;}
.border-8{border-width:8px;}"
`;

exports[`border > supports x|y with value 1`] = `
"/* layer: default */
.border-x-0{border-left-width:0;border-right-width:0;}
.border-x-2{border-left-width:2px;border-right-width:2px;}
.border-x-4{border-left-width:4px;border-right-width:4px;}
.border-x-8{border-left-width:8px;border-right-width:8px;}
.border-y-0{border-top-width:0;border-bottom-width:0;}
.border-y-2{border-top-width:2px;border-bottom-width:2px;}
.border-y-4{border-top-width:4px;border-bottom-width:4px;}
.border-y-8{border-top-width:8px;border-bottom-width:8px;}"
`;

exports[`rounded > supports x|y with value 1`] = `
"/* layer: default */
.rounded,
.rounded-4{border-radius:4px;}
.rounded-0{border-radius:0;}
.rounded-16{border-radius:16px;}
.rounded-2{border-radius:2px;}
.rounded-8{border-radius:8px;}
.rounded-full{border-radius:9999px;}
.rounded-b,
.rounded-b-4{border-bottom-left-radius:4px;border-bottom-right-radius:4px;}
.rounded-b-0{border-bottom-left-radius:0;border-bottom-right-radius:0;}
.rounded-b-16{border-bottom-left-radius:16px;border-bottom-right-radius:16px;}
.rounded-b-2{border-bottom-left-radius:2px;border-bottom-right-radius:2px;}
.rounded-b-8{border-bottom-left-radius:8px;border-bottom-right-radius:8px;}
.rounded-b-full{border-bottom-left-radius:9999px;border-bottom-right-radius:9999px;}
.rounded-bl-0{border-bottom-left-radius:0;}
.rounded-bl-16{border-bottom-left-radius:16px;}
.rounded-bl-2{border-bottom-left-radius:2px;}
.rounded-bl-4{border-bottom-left-radius:4px;}
.rounded-bl-8{border-bottom-left-radius:8px;}
.rounded-bl-full{border-bottom-left-radius:9999px;}
.rounded-br-0{border-bottom-right-radius:0;}
.rounded-br-16{border-bottom-right-radius:16px;}
.rounded-br-2{border-bottom-right-radius:2px;}
.rounded-br-4{border-bottom-right-radius:4px;}
.rounded-br-8{border-bottom-right-radius:8px;}
.rounded-br-full{border-bottom-right-radius:9999px;}
.rounded-l,
.rounded-l-4{border-top-left-radius:4px;border-bottom-left-radius:4px;}
.rounded-l-0{border-top-left-radius:0;border-bottom-left-radius:0;}
.rounded-l-16{border-top-left-radius:16px;border-bottom-left-radius:16px;}
.rounded-l-2{border-top-left-radius:2px;border-bottom-left-radius:2px;}
.rounded-l-8{border-top-left-radius:8px;border-bottom-left-radius:8px;}
.rounded-l-full{border-top-left-radius:9999px;border-bottom-left-radius:9999px;}
.rounded-r,
.rounded-r-4{border-top-right-radius:4px;border-bottom-right-radius:4px;}
.rounded-r-0{border-top-right-radius:0;border-bottom-right-radius:0;}
.rounded-r-16{border-top-right-radius:16px;border-bottom-right-radius:16px;}
.rounded-r-2{border-top-right-radius:2px;border-bottom-right-radius:2px;}
.rounded-r-8{border-top-right-radius:8px;border-bottom-right-radius:8px;}
.rounded-r-full{border-top-right-radius:9999px;border-bottom-right-radius:9999px;}
.rounded-t,
.rounded-t-4{border-top-left-radius:4px;border-top-right-radius:4px;}
.rounded-t-0{border-top-left-radius:0;border-top-right-radius:0;}
.rounded-t-16{border-top-left-radius:16px;border-top-right-radius:16px;}
.rounded-t-2{border-top-left-radius:2px;border-top-right-radius:2px;}
.rounded-t-8{border-top-left-radius:8px;border-top-right-radius:8px;}
.rounded-t-full{border-top-left-radius:9999px;border-top-right-radius:9999px;}
.rounded-tl-0{border-top-left-radius:0;}
.rounded-tl-16{border-top-left-radius:16px;}
.rounded-tl-2{border-top-left-radius:2px;}
.rounded-tl-4{border-top-left-radius:4px;}
.rounded-tl-8{border-top-left-radius:8px;}
.rounded-tl-full{border-top-left-radius:9999px;}
.rounded-tr-0{border-top-right-radius:0;}
.rounded-tr-16{border-top-right-radius:16px;}
.rounded-tr-2{border-top-right-radius:2px;}
.rounded-tr-4{border-top-right-radius:4px;}
.rounded-tr-8{border-top-right-radius:8px;}
.rounded-tr-full{border-top-right-radius:9999px;}"
`;
