// Vitest Snapshot v1, https://vitest.dev/guide/snapshot.html

exports[`gap allows to render css based of all units in spaceBase 1`] = `
"/* layer: default */
.gap-0{gap:0rem;}
.gap-1{gap:0.1rem;}
.gap-10{gap:1rem;}
.gap-112{gap:11.2rem;}
.gap-12{gap:1.2rem;}
.gap-128{gap:12.8rem;}
.gap-14{gap:1.4rem;}
.gap-144{gap:14.4rem;}
.gap-16{gap:1.6rem;}
.gap-2{gap:0.2rem;}
.gap-20{gap:2rem;}
.gap-24{gap:2.4rem;}
.gap-28{gap:2.8rem;}
.gap-32{gap:3.2rem;}
.gap-4{gap:0.4rem;}
.gap-40{gap:4rem;}
.gap-44{gap:4.4rem;}
.gap-48{gap:4.8rem;}
.gap-56{gap:5.6rem;}
.gap-6{gap:0.6rem;}
.gap-64{gap:6.4rem;}
.gap-8{gap:0.8rem;}
.gap-80{gap:8rem;}
.gap-96{gap:9.6rem;}"
`;

exports[`gap does render css for arbitrary values 1`] = `
"/* layer: default */
.gap-\\\\[27\\\\]{gap:2.7rem;}
.gap-\\\\[27px\\\\]{gap:27px;}
.gap-\\\\[27rem\\\\]{gap:27rem;}
.gap-x-\\\\[27\\\\]{column-gap:2.7rem;}
.gap-x-\\\\[27px\\\\]{column-gap:27px;}
.gap-x-\\\\[27rem\\\\]{column-gap:27rem;}
.gap-y-\\\\[27\\\\]{row-gap:2.7rem;}
.gap-y-\\\\[27px\\\\]{row-gap:27px;}
.gap-y-\\\\[27rem\\\\]{row-gap:27rem;}"
`;
