// Vitest Snapshot v1

exports[`list > list style position 1`] = `
"/* layer: default */
.list-outside{list-style-position:outside;}
.list-inside{list-style-position:inside;}"
`;

exports[`list > list style type 1`] = `
"/* layer: default */
.list-circle{list-style-type:circle;}
.list-decimal{list-style-type:decimal;}
.list-disc{list-style-type:disc;}
.list-square{list-style-type:square;}
.list-zero-decimal{list-style-type:decimal-leading-zero;}
.list-none{list-style-type:none;}"
`;
