// Vitest Snapshot v1, https://vitest.dev/guide/snapshot.html

exports[`slider > get active slider shadow 1`] = `
"/* layer: default */
.slider-handle-shadow-active{box-shadow:0 0 0 8px rgba(0, 0, 0, .08);}"
`;

exports[`slider > get hover slider shadow 1`] = `
"/* layer: default */
.slider-handle-shadow-hover{box-shadow:0 0 0 6px rgba(0, 0, 0, .08);}"
`;

exports[`slider > get slider outline none 1`] = `
"/* layer: default */
.slider-handle-outline-none{outline:rgba(0, 0, 0, 0) solid 2px;outline-offset:2px;}"
`;
